Wo, Wo, Wo, Wo, Wo, Wo, Wo, Wo, Wo, Wo, Wo, Wo, Wo, Wo, Wo, Wo, Wo, Wo, Wo, Wo, Wo, Wo, Wo, Wo, Wo, Wo, Wo, Wo, Wo, Wo, Wo, Wo, Wo, Wo, Wo, Wo, Wo, Wo, Wo, Wo, Wo, Wo, Wo, Wo, Wo, Wo, Wo, Wo, Wo, Wo, Wo, Wo, Wo, Wo, Wo, Wo, Wo, Wo, Wo, Wo, Wo, Wo, Wo, Wo, Wo, Wo, Wo
Wo, Wo, Wwr, Wwr, Wo, Wo, Hhd, Wo, Wo, Wo, Wo, Wo, Wo, Wo, Wo, Wo, Wo, Wo, Wo, Wo, Wo, Wo, Wo, Wo, Wo, Wo, Wo, Wo, Wo, Wo, Wo, Wo, Wo, Wo, Wo, Wo, Wo, Wo, Wo, Wo, Wo, Wo, Wwr, Wo, Ww, Wo, Ww, Wo, Wo, Wo, Wo, Wo, Wo, Wo, Wo, Wo, Ww, Wo, Ww, Wo, Wo, Wo, Wo, Wo, Wo, Wo, Wo
Wo, Wo, Wwr, Ww, Hhd, Mdd, Mdd, Hhd, Hd, Ww, Ww, Wo, Wo, Wo, Wo, Wo, Wo, Wo, Wo, Wo, Wo, Wo, Wo, Wo, Wo, Wo, Wo, Wo, Wo, Wo, Wo, Wo, Wo, Wo, Wwr, Wo, Ww, Wo, Ww, Ww, Ww, Wwr, Ww, Ww, Hhd, Ww, Wo, Wo, Wo, Wo, Wo, Wo, Wo, Wo, Ww, Ww, Ds, Ww, Ds, Ww, Ww, Wo, Wo, Wo, Wo, Wo, Wo
Wo, Wo, Wwr, Ww, Hhd, Mdd, Hhd, Hhd, Hd, Ww, Mdd, Mdd, Mdd, Wo, Wo, Wo, Wo, Wo, Wo, Wo, Wo, Wo, Wo, Wo, Wo, Wo, Wo, Wo, Wo, Wo, Wo, Wo, Wwr, Wwr, Ww, Ww, Ww, Ww, Ww, Ww, Hd, Ww, Ww, Hhd, Ww, Ww, Wo, Wo, Wo, Wo, Wo, Wo, Wo, Ww, Ds, Ds, Gs^Ft, Ds, Gs^Ft, Ds, Ww, Ww, Wo, Wo, Wo, Wo, Wo
Wo, Wo, Ww, Ww, Ww, Mdd, Mdd, Hhd, Hd, Hd, Hd, Hd, Mdd, Ww, Wwr, Wo, Ww, Wo, Mdd, Wo, Wo, Wo, Wo, Wo, Wo, Wo, Wo, Wo, Wo, Wo, Ww, Wo, Wwr, Ww, Ww, Ww, Hd, Hd, Hd, Hd, Hhd, Hd, Ww, Ww, Wwr, Wo, Wo, Wo, Wo, Wo, Wo, Wo, Wo, Ww, Hd, Gs^Ft, Gs^Ft, Gs^Ft, Dd^Do, 1 Ds, Ww, Ww, Ww, Wo, Wo, Wo, Wo
Wo, Wo, Wo, Ww, Mdd, Mdd, Hd, Hd, Ww, Ww, Ww, Ww, Ww, Ww, Wwr, Ww, Ds, Mdd, Mdd, Hd, Ww, Wo, Wo, Wo, Wo, Wo, Wo, Wo, Wo, Ww, Ww, Ww, Ww, Ww, Ww, Ww, Hd, Hhd, Hhd, Hhd, Hhd, Hhd, Ww, Wwr, Wo, Wo, Wo, Wo, Wo, Wo, Wo, Wo, Wo, Ww, Ww, Hd, Gs^Ft, Gs, Gs, 2 Ds, Ds, Ww, Wo, Wo, Wo, Wo, Wo
Wo, Wo, Wo, Ww, Ww, Mdd, Mdd, Hd, Ww, Ww^Es, Wo, Wo, Wo, Ww, Ww, Ww, Ww, Ds, Mdd, Hd, Ww, Wo, Wo, Wo, Wo, Wo, Wwr, Wo, Ww, Ww, Ww, Ww, Hd, Hd, Hd, Hd, Hd, Hhd, Ds, Mdd, Ww, Ww, Ww, Wwr, Wo, Wo, Wo, Wo, Wo, Wo, Wo, Wo, Wo, Wo, Ww, Ds, Ds, Ds, Ds, Ds, Ww, Ww, Wo, Wo, Wo, Wo, Wo
Wo, Wo, Wo, Wo, Ww, Hhd, Hhd, Hd, Ww, Wo, Wo, Wo, Wo, Wo, Hd, Ww, Ww, Ww, Ww, Ww, Wo, Wo, Wo, Wo, Wwr, Wwr, Ww, Wwr, Ww, Ww, Ww, Hd, Hhd, Hhd, Hhd, Hd, Dd, Dd, Ds^Ewsh, Ww, Ww, Hhd, Ww, Wo, Wo, Wo, Wo, Wo, Wo, Wo, Wo, Wo, Wo, Wo, Wo, Ww, Ww, Ww, Ww, Ww, Wo, Wo, Wo, Wo, Wo, Wo, Wo
Wo, Wo, Wo, Wo, Ww, Ww, Ww, Ww, Wo, Wo, Wo, Wo, Wo, Wo, Hd, Hd, Ww, Wwr, Ww, Wo, Wo, Wo, Wo, Wo, Ww, Ww, Hd, Ww, Ww, Ww, Hd, Hd, Hhd, Mdd, Hhd, Hd, Hd, Dd, Ds^Ewsh, Ww, Ww, Ww, Wo, Wo, Wo, Wo, Wo, Wo, Wo, Wo, Wo, Wo, Wo, Wo, Wo, Wo, Wo, Wo, Wo, Wo, Wo, Wo, Wo, Wo, Wo, Wo, Wo
Wo, Wo, Wo, Wwr, Wwr, Ww, Ww, Ww, Ww, Wo, Wo, Wo, Wo, Wo, Wo, Hd, Ww, Wwr, Wo, Wo, Wo, Wo, Wo, Ww, Hd, Hd, Hhd, Hd, Hd, Hd, Hd, Hhd, Mdd, Mdd, Mv, Mdd, Mdd, Mdd, Ww, Ww, Wwr, Wwr, Wo, Wo, Wo, Wo, Wo, Wo, Wo, Wo, Wo, Wo, Wo, Wo, Wo, Wo, Wo, Wo, Wo, Wo, Wo, Wo, Wo, Wo, Wo, Wo, Wo
Wo, Wo, Wo, Wo, Wo, Ww, Hhd, Mdd, Hd, Ww, Ww, Wo, Wo, Wo, Wo, Wo, Ww, Wo, Wo, Wo, Ww, Wo, Ww, Ww, Hhd, Hhd, Mdd, Cte, Kte, Cte, Mdd, Mdd, Mdd, Mm, Mm, Mm, Hhd, Hhd, Ww, Ww, Wwr, Wo, Wo, Wo, Wo, Wo, Wo, Wo, Wo, Wo, Wo, Wo, Wo, Wo, Wo, Wo, Wo, Wo, Wo, Wo, Wo, Wo, Wo, Wo, Wo, Wo, Wo
Wo, Wo, Wo, Wo, Ww, Ww, Hhd, Mdd, Hd, Ww, Ww, Wo, Wo, Wo, Wo, Ww, Wo, Wo, Wo, Wo, Ww, Ww, Hhd, Hhd, Hhd, Mdd, Dd^Es, Cte, Hhd, Hhd, Hhd, Hhd, Hhd, Mdd, Hhd, Hhd, Ww, Ww, Dd, Ww, Wo, Wo, Wo, Wo, Wo, Wo, Wo, Wo, Wo, Wo, Wo, Wo, Wo, Wo, Wo, Wo, Wo, Wo, Wo, Wo, Wo, Wo, Wo, Wo, Wo, Wo, Wo
Wo, Wo, Wo, Wwr, Wwr, Ww, Ww, Hhd, Hd, Hd, Ww, Wo, Wo, Wo, Wo, Wo, Wo, Wo, Wo, Ww, Wwr, Ww, Ww, Ww, Ww, Dd, Ww, Dd, Ww, Hhd, Ww, Ww, Ww, Hhd, Ww, Hhd, Ww, Dd, Ww, Ww, Wo, Wo, Wo, Wo, Wo, Wo, Wo, Wo, Wo, Wo, Wo, Wo, Wo, Wo, Wo, Wo, Wo, Wo, Wo, Wo, Wo, Wo, Wo, Wo, Wo, Wo, Wo
Wo, Wo, Wo, Wo, Wwr, Ww, Ww, Hhd, Ww, Ww, Wo, Wo, Wo, Wo, Wo, Wo, Wo, Wo, Wo, Wwr, Wo, Wo, Wo, Wo, Wo, Ww, Wo, Ww, Wwr, Ww, Wwr, Wwr, Wo, Ww, Wwr, Ww, Wo, Ww, Ww, Wo, Wo, Wo, Wo, Wo, Wo, Wo, Wo, Wo, Wo, Wo, Wo, Wo, Wo, Wo, Wo, Wo, Wo, Wo, Wo, Wo, Ww, Wo, Wo, Wo, Wo, Wo, Wo
Wo, Wo, Wo, Wo, Wo, Wwr, Wwr, Ww, Ww, Ww, Hd, Ww, Wo, Wo, Wo, Wo, Wo, Wo, Wo, Wo, Wo, Wo, Wo, Wo, Wo, Wo, Wo, Wwr, Wo, Wwr, Wo, Wo, Wo, Wo, Wo, Wo, Wo, Wo, Wo, Wo, Wo, Wo, Wo, Wo, Wo, Wo, Wo, Wo, Wo, Wo, Wo, Wo, Wo, Wo, Wo, Wo, Wo, Wo, Wo, Wo, Wo, Wo, Wo, Wo, Wo, Wo, Wo
Wo, Wo, Wo, Wo, Wo, Wo, Wo, Wo, Wo, Wo, Ww, Hd, Ww, Ww, Wo, Wo, Wo, Wo, Wo, Wo, Wo, Wo, Wo, Wo, Wo, Wo, Wo, Wo, Wo, Wo, Wo, Wo, Wo, Wo, Wo, Wo, Wo, Wo, Wo, Wo, Wo, Wo, Wo, Wo, Wo, Wo, Wo, Wo, Wo, Wo, Wo, Wo, Wo, Wo, Wo, Wo, Wo, Wo, Wo, Wo, Wo, Ww, Ww, Wo, Wo, Wo, Wo
Wo, Wo, Wo, Wo, Wo, Wo, Wo, Wo, Wo, Wo, Ww, Ww, Ww, Wo, Wo, Wo, Wo, Wo, Wo, Wo, Wo, Wo, Wo, Wo, Wo, Wo, Wo, Wo, Wo, Wo, Wo, Wo, Wo, Wo, Wo, Wo, Wo, Wo, Wo, Wo, Wo, Wo, Wo, Wo, Wo, Wo, Ww, Ww, Ww, Wo, Wo, Wo, Wo, Wo, Wo, Wo, Wo, Wo, Wo, Wo, Wo, Ww, Ww, Ww, Ww, Wo, Wo
Wo, Wo, Wo, Wo, Wo, Wo, Wo, Wo, Wo, Ww, Wwr, Wwr, Wwr, Ww, Wo, Wo, Wo, Wo, Ww, Wo, Ww, Wo, Wo, Wo, Wo, Wo, Wo, Wo, Wo, Wo, Wo, Wo, Wo, Wo, Wo, Wo, Wo, Wo, Wo, Wo, Wo, Wo, Wo, Wo, Ww, Ww, Ds, Ds, Ds, Ww, Wwr, Wo, Wo, Wo, Wo, Wo, Wo, Wo, Wo, Wo, Ww, Ww, Ds, Ds, Ww, Wo, Wo
Wo, Wo, Wo, Wo, Wo, Wo, Wo, Wo, Wo, Wo, Wo, Wo, Wo, Ww, Wo, Wo, Ww, Ww, Ww, Ww, Ww, Ww, Ww, Wo, Wo, Wo, Wo, Wo, Wo, Wo, Wo, Wo, Wo, Wo, Wo, Wo, Wo, Wo, Wo, Wo, Wo, Wo, Wo, Wo, Ww, Ww, Gs, Gs, Ds, Ww, Wwr, Wo, Wo, Wo, Wo, Wo, Wo, Wo, Wo, Ww, Ww, Ds, Dd^Do, Ds, Ww, Wo, Wo
Wo, Wo, Wo, Wo, Wo, Wo, Wo, Wo, Wo, Wo, Wo, Wo, Wo, Wo, Wo, Ww, Ww, Ww, Ds, Ww, Ds, Ww, Ww, Wo, Wo, Wo, Wo, Wo, Wo, Wo, Wo, Wo, Wo, Wo, Wo, Wo, Wo, Wo, Wo, Wo, Wo, Wo, Wo, Ww, Gs, Gs, Gs, Gs, Ds, Ww, Ww, Wwr, Wo, Wo, Wo, Wwr, Wwr, Wo, Ww, Ww, Ds, Ds, Ds, Ds, Ww, Wo, Wo
Wo, Wo, Wo, Wo, Wo, Wo, Wo, Wo, Wo, Wo, Wo, Wo, Wo, Wo, Wo, Ww, Ds, Ds, Gs, Ds, Ds, Ww, Ww, Ww, Wo, Wo, Wo, Wo, Wo, Wo, Wo, Wo, Wo, Wo, Wo, Wo, Wo, Wo, Wo, Wo, Wo, Wo, Hh, Gs, Gs^Ft, Gs^Ft, Ds, Ds, Ww, Ww, Ww, Wwr, Wo, Wo, Wo, Ww, Ds, Ds, Ww, Ww, Ww, Ww, Ww, Ww, Wo, Wo, Wo
Wo, Wo, Wo, Wo, Wo, Wo, Wo, Wo, Wo, Wo, Wo, Wo, Wo, Wo, Ww, Ww, Ds, Ds, Gs, Dd^Do, Gs, Ds, Ww, Ww, Wwr, Wo, Wo, Wo, Wo, Wo, Wo, Wo, Wo, Wo, Wo, Wo, Wo, Wo, Wo, Wo, Wo, Wo, Hh, Gs^Ft, Gs^Fetd, Gs^Ft, Ds, Ww, Ww, Ww, Ww, Ww, Ww, Wwr, Ww, Ww, Ww, Ds, Ww, Ww, Wwrt, Wo, Wo, Wo, Wo, Wo, Wo
Wo, Wo, Wo, Wo, Wo, Wo, Wo, Wo, Wo, Wo, Wo, Wo, Wo, Wo, Ww, Ww, Ds, Gs, Gs^Ft, Gs, Ds^Ewsh, Ds, Ww, Ww, Wwr, Wo, Wo, Wo, Wo, Wo, Wo, Wo, Wo, Wo, Wo, Wo, Wo, Wo, Wo, Wo, Wo, Hh, Hh^Ft, Gs^Ft, Gs^Ft, Gs^Ft, Gs^Ft, Ds, Ww, Ww, Ww, Ww, Ww, Ww, Ww, Ww, Ww, Wwr, Wo, Wo, Wo, Wo, Wo, Wo, Wo, Wo, Wo
Wo, Wo, Wo, Wo, Wo, Wo, Wo, Wo, Wo, Wo, Wo, Wo, Wo, Wo, Ww, Ds, Gs^Ft, Gs^Ft, Gs^Ft, Gs, Ds, Ww, Ww, Wwr, Wo, Wo, Wo, Wo, Wo, Wo, Wo, Wo, Wo, Wo, Wo, Wo, Wo, Wo, Wo, Wo, Wo, Hh, Hh, Gs^Ft, Hh, Gs^Ft, Gs^Ft, Ds, Ds, Ds, Ds, Ww, Ww, Ww, Ww, Ds, Wo, Wwr, Wo, Wo, Wo, Wo, Wo, Wo, Wo, Wo, Wo
Wo, Wo, Wo, Wo, Wo, Wo, Wo, Wo, Wo, Wo, Wo, Wo, Ww, Ww, Hd, Ds, Gs^Ft, Gs^Ft, Gs^Ft, Gs, Ds, Ww, Ww, Wwr, Wo, Wo, Wo, Wo, Wo, Wo, Wo, Wo, Wo, Wo, Wo, Wo, Wo, Wo, Wo, Wo, Wo, Wo, Wo, Hh, Ww, Hh, Gs^Ft, Gs^Ft, Gs^Ft, Gs, Ds, Ds, Ww, Wwrt, Ww, Wo, Wo, Wo, Wo, Wo, Wo, Wo, Wo, Wo, Wo, Wo, Wo
Wo, Wo, Wo, Wo, Wo, Wo, Wo, Wo, Wo, Wo, Wo, Ww, Hd, Hd, Hh, Gs^Ft, Hh, Gs^Ft, Wwf, Ds, Ww, Ww, Ww, Wwr, Wwr, Wo, Wo, Wo, Wo, Wo, Wo, Wo, Wo, Wo, Wo, Wo, Wo, Wo, Wo, Wo, Wo, Wo, Wo, Ww, Gs, Gs^Ft, Gs, Gs^Ft, Gs, Gs, Ds, Ww, Wwrt, Wwrt, Wo, Wo, Wo, Wo, Wo, Wo, Wo, Wo, Wo, Wo, Wo, Wo, Wo
Wo, Wo, Wo, Wo, Wo, Wo, Wo, Wo, Wo, Wo, Wo, Ww, Hd, Hh, Hd, Hh, Wwf, Wwf, Ds, Wwf, Ww, Ww, Ww, Ww, Ww, Wo, Wwr, Wo, Wo, Wo, Wo, Wo, Wo, Wo, Wo, Wo, Wo, Wo, Wo, Wo, Wo, Wo, Ww, Ww, Ds, Gs, Ds, Gs, Ds, Ds, Ww, Ww, Ww, Wo, Wo, Wo, Wo, Wo, Wo, Wo, Wo, Wo, Wo, Wo, Wo, Wo, Wo
Wo, Wo, Wo, Wo, Wo, Wo, Wo, Wo, Wo, Wo, Wo, Ww, Ww, Hd, Hd, Hh, Hh, Wwf, Ds, Wwf, Wwf, Ww, Ww, Ww, Ww, Ww, Wwr, Wwr, Wwr, Wwr, Wwr, Wo, Wo, Wo, Wo, Wo, Wo, Wo, Wo, Wo, Wo, Wo, Wo, Ww, Ww, Ds, Ww, Ds, Ww, Ww, Ww, Wwrt, Wo, Wo, Wo, Wo, Wo, Wo, Wo, Wo, Wo, Wo, Wo, Wo, Wo, Wo, Wo
Wo, Wo, Wo, Wo, Wo, Wo, Wo, Wo, Wo, Wo, Wo, Wo, Wo, Ww, Hh, Hh, Wwf, Wwf, Gs^Ft, Ds, Wwf, Ds^Ewsh, Ds, Ww, Ww, Ww, Ww, Ww, Ww, Ww, Wwr, Wo, Wo, Wo, Wo, Wo, Wo, Wo, Wo, Wo, Wo, Wo, Wo, Ww, Ww, Ww, Ww, Ww, Ww, Ww, Ww, Wwrt, Wo, Wo, Wo, Wo, Wo, Wo, Wo, Wo, Wo, Wo, Wo, Wo, Wo, Wo, Wo
Wo, Wo, Wo, Wo, Wo, Wo, Wo, Wo, Wo, Wo, Wo, Wo, Wo, Wo, Mm, Hh, Mm, Mm, Mm, Gs^Ft, Wwf, Gs^Ft, Gs^Ft, Ww, Mm, Ww, Mm, Mm, Mm, Ww, Wwr, Ww, Wo, Wo, Wo, Wo, Wwr, Wo, Wo, Wo, Wo, Wo, Wo, Wo, Wo, Ww, Wo, Wo, Wo, Wo, Wo, Wo, Wo, Wo, Wo, Wo, Wo, Wo, Wo, Wo, Wo, Wo, Wo, Wo, Wo, Wo, Wo
Wo, Wo, Wo, Wo, Wo, Wo, Wo, Wo, Wo, Wo, Wo, Wo, Wo, Wo, Wo, Mm, Mm, Mm, Wwf, Gs^Ft, Wwf, Mm, Mm, Mm, Mm, Mm, Ww, Mm, Ww, Ww, Ww, Ww, Wo, Wo, Ww, Wwr, Ww, Wwr, Ww, Ww, Wwr, Wo, Wo, Wo, Wo, Wo, Wo, Wo, Wo, Wo, Wo, Wo, Wo, Wo, Wo, Wo, Wo, Wo, Wo, Wo, Wo, Wo, Wo, Wo, Wo, Wo, Wo
Wo, Wo, Wo, Wo, Wo, Wo, Wo, Wo, Wo, Wo, Wo, Wo, Wo, Mm, Mm, Mm, Mm, Wwf, Mm, Wwf, Mm, Mm, Mm, Mm, Ww, Ww, Ww, Ww, Ww, Wo, Wo, Ww, Ww, Ww, Hh, Ww, Hh, Ww, Mm, Ww, Wwr, Wo, Wo, Wo, Wo, Wo, Wo, Wo, Wo, Wo, Wo, Wo, Wo, Wo, Wo, Wo, Wo, Wo, Wo, Mm, Wo, Wo, Wo, Wo, Wo, Wo, Wo
Wo, Wo, Wo, Wo, Wo, Wo, Wo, Wo, Wo, Wo, Wo, Wo, Wo, Mm, Wo, Mm, Mm, Mm, Mm, Mm, Mm, Mm, Ww, Mm, Ww, Ww, Wwr, Ww, Mm, Mm, Ww, Ww, Ww, Ww, Ww, Hh, Mm, Mm, Mm, Ww, Wo, Wo, Wo, Wo, Wo, Wo, Wo, Wo, Wo, Wo, Wo, Wo, Wo, Wo, Wo, Wo, Wo, Wo, Mm, Mm, Mm, Mm, Wo, Wo, Mm, Mm, Mm
Wo, Wo, Wo, Wo, Wo, Wo, Wo, Wo, Wo, Wo, Wo, Wo, Wo, Wo, Wo, Wo, Mm, Mm, Ww, Ww, Ww, Ww, Wo, Ww, Ww, Wwr, Wo, Ww, Ww, Ww, Ww, Ww, Wo, Wo, Wo, Hh, Mm, Mm, Wo, Wo, Wo, Wo, Wo, Wo, Wo, Wo, Wo, Wo, Wo, Wo, Wo, Wo, Wo, Wo, Wo, Wo, Wo, Wo, Mm, Mm, Hhd, Hhd, Hhd, Mm, Mm, Mm, Mm
Wo, Wo, Wo, Wo, Hd, Wo, Wo, Wo, Wo, Wo, Wo, Wo, Wo, Wo, Mm, Mm, Mm, Ww, Wo, Ww, Ww, Wo, Ww, Ww, Ww, Wwr, Wwr, Wo, Hh, Ww, Wo, Wo, Wo, Wo, Wo, Wo, Wo, Wo, Wo, Wo, Wo, Wo, Wo, Wo, Wo, Wo, Wo, Wo, Wo, Wo, Wo, Wo, Wo, Wo, Wo, Wo, Hhd, Hhd, Hhd, Hhd, Mm, Hhd, Hhd, Mm, Cte, Kte, Mm
Wo, Wo, Wo, Wo, Mm, Mm, Ww, Ww, Wo, Wo, Wo, Wo, Wo, Wo, Wo, Wo, Wo, Wo, Wo, Ww, Ww, Wwt, Mm, Hh, Hh, Ww, Wwr, Wo, Ww, Ww, Ww, Wo, Wo, Wo, Wo, Wo, Wo, Wo, Wo, Wo, Wo, Wo, Wo, Wo, Wo, Wo, Wo, Wo, Wo, Wo, Wo, Wo, Wwr, Wo, Wo, Wo, Ww, Ww, Ds, Gd^Fts, Gd^Fts, Hhd, Hhd, Cte, Hhd, Cte, Mm
Wo, Wo, Wo, Wo, Wo, Mm, Ww, Mm, Hd, Wo, Wo, Wo, Wo, Wo, Wo, Wo, Wo, Wo, Wo, Mm, Mm, Mm, Mm, Hh, Ww, Ww, Ww, Ww, Hh, Hh, Ww, Wo, Wo, Wo, Wo, Wo, Wo, Wo, Wo, Wo, Wo, Wo, Wo, Wo, Wo, Wo, Wo, Wo, Wo, Wo, Wo, Wwr, Ww, Ww, Ww, Ww, Ds, Ds, Dd, Gd^Fts, Hhd, Hhd, Gd^Fts, Gd^Fts, Hhd, Hhd, Hhd
Wo, Wo, Wo, Wo, Wo, Ww, Wo, Hd, Wo, Wo, Wo, Wo, Wo, Wo, Wo, Wo, Wo, Wo, Wo, Mm, Mm, Mm, Hh, Hh, Ww, Wo, Wo, Ww, Ww, Ww, Wo, Wo, Wo, Wo, Ww, Wo, Wo, Wo, Wo, Wo, Wo, Wo, Wo, Wo, Wo, Wo, Wo, Wo, Wo, Wo, Wo, Wwr, Ww, Ww, Ds^Ewsh, Ww, Ds, Dd, Rd, Gd^Fts, Gd^Fts, Gs, Gs, Gs, Hhd, Hhd, Hhd
Wo, Wo, Wo, Wo, Wo, Wo, Wo, Wo, Wo, Wo, Wo, Wo, Wo, Wo, Wo, Wo, Wo, Wo, Mm, Mm, Hh, Mm, Hh, Ww, Wo, Wo, Wo, Ww, Wo, Ww, Wo, Wo, Wo, Ww, Ds, Ww, Wo, Wo, Wo, Wo, Wo, Wo, Wo, Wo, Wo, Wo, Wo, Wo, Wo, Wo, Ww, Ww, Ds^Ewsh, Ds^Ewsh, Dd, Ds, Dd, Gd, Rd, Gd^Fts, Gs, Gs, Gd, Gd^Fts, Hhd, Hhd, Hhd
Wo, Wo, Wo, Wo, Wo, Wo, Wo, Wo, Wo, Wo, Wo, Wo, Wo, Wo, Wo, Wo, Wo, Wo, Ww, Hh, Ww, Hh, Ww, Ww, Wo, Wo, Wo, Wo, Wo, Wo, Wo, Wo, Ww, Ww, Ds, Ww, Ww, Ww, Ww, Ww, Ww, Wo, Wo, Wo, Wo, Wo, Wo, Wo, Wo, Wo, Wwr, Ww, Ds^Ewsh, Ds^Ewsh, Ds^Ewsh, Dd, Gd, Gd, Gd, Gd, Gd^Fts, Gd^Fts, Gd, Hhd, Gd, Hhd, Ds
Wo, Wo, Wo, Wo, Wo, Wo, Wo, Wo, Wo, Wo, Wo, Wo, Wo, Wo, Wo, Wo, Hh, Mm, Ww, Ww, Ww, Ww, Wo, Wo, Wo, Wo, Wo, Wo, Wo, Wo, Wo, Wo, Ww, Ds, Ds, Ds^Ewsh, Ds, Ds, Ds, Ds, Ww, Wwr, Wwr, Wo, Wo, Wo, Wo, Wo, Wo, Wo, Wo, Wwr, Ww, Ww, Ds^Ewsh, Dd, Gd^Fts, Gd^Fts, Dd^Do, Ds, Gd, Gd, Ds, Gd, Ds, Ds, Ww
Wo, Wo, Wo, Wo, Wo, Wo, Wo, Wo, Wo, Wo, Wo, Wo, Wo, Wo, Wo, Wo, Ww, Mm, Wo, Wo, Wo, Wo, Wo, Wo, Wo, Wo, Wo, Wo, Wo, Wo, Wo, Wo, Wo, Ww, Gs^Ft, Gs^Ft, Gs^Ft, Gs^Ft, Ds, Ds, Ww, Ww, Wwr, Wo, Wo, Wo, Wo, Wo, Wo, Wo, Wo, Wwr, Ww, Ww, Dd, Dd, Gd^Fts, Gd^Fts, Ds, Ds, Ds, Ds, Ds, Ds, Ww, Ww, Ww
Wo, Wo, Wo, Wo, Wo, Wo, Wo, Wo, Wo, Wo, Wo, Wo, Wo, Wo, Wo, Wo, Ww, Wo, Wo, Wo, Wo, Wo, Wo, Wo, Wo, Wo, Wo, Wo, Wo, Wo, Wo, Wo, Wo, Ww, Ww, Gs^Ft, Ww, Gs, Ww, Ww, Ww, Wwr, Wo, Wo, Wo, Wo, Wo, Wo, Wo, Wo, Wwr, Wwr, Ww, Ds^Ewsh, Dd, Dd, Dd, Dd, Ds^Ewsh, Ww, Ww, Ww, Ww, Ww, Ww, Ww, Wog
Wo, Wo, Wo, Wo, Wo, Wo, Wo, Wo, Wo, Wo, Wo, Wo, Wo, Wo, Wo, Wo, Wo, Wo, Wo, Wo, Wo, Wo, Wo, Wo, Wo, Wo, Wo, Wo, Wo, Wo, Wo, Wo, Wo, Ww, Ww, Ww, Ww, Ww, Ww, Ww, Wwr, Wo, Wo, Wo, Wo, Wo, Wo, Wo, Wo, Wo, Wo, Ww, Ww, Ds, Ds, Dd, Ds, Ds, Ww, Ww, Wwr, Wwr, Wwr, Wwr, Wo, Wo, Wo
Wo, Wo, Wo, Wo, Wo, Wo, Wo, Wo, Wo, Wo, Wo, Wo, Wo, Wo, Wo, Wo, Wo, Wo, Wo, Wo, Wo, Wo, Wo, Wo, Wo, Wo, Wo, Wo, Wo, Wo, Wo, Wo, Wo, Wo, Wo, Wo, Wo, Wwr, Wo, Ww, Wwr, Wo, Wo, Wo, Wo, Wo, Wo, Wo, Wwr, Wo, Wo, Ww, Wo, Ww, Ds, Dd, Ds^Ewsh, Ww, Ww, Ww, Wo, Wo, Wo, Wo, Wo, Wo, Wo
Wo, Wo, Wo, Wo, Wo, Wo, Wo, Wo, Wo, Wo, Wo, Wo, Wo, Wo, Wo, Wo, Wo, Wo, Wo, Wo, Wo, Wo, Wo, Wo, Wo, Wo, Wo, Wo, Wo, Wo, Wo, Wo, Wo, Wo, Wo, Wo, Wo, Wo, Wo, Wo, Wo, Wo, Wo, Wo, Wo, Wo, Wo, Wo, Wwr, Ww, Wo, Wo, Ww, Ww, Ds, Ds^Ewsh, Ww, Ww, Wwr, Wo, Wo, Wo, Wo, Wo, Wo, Wo, Wo
Wo, Wo, Wo, Wo, Wo, Wo, Wo, Wo, Wo, Wo, Wo, Wo, Wo, Wo, Wo, Wo, Wo, Wo, Wo, Wo, Wo, Wo, Wo, Wo, Wo, Wo, Wo, Wo, Wo, Wo, Wo, Wo, Wo, Wo, Wo, Wo, Wo, Wo, Wo, Wo, Wo, Wo, Wo, Wo, Wwr, Wo, Wo, Ww, Wo, Ww, Wo, Wo, Ww, Ds, Ww, Ww, Ww, Wwr, Wo, Wo, Wo, Wo, Wo, Wo, Wo, Wo, Wo
Wo, Wo, Wo, Wo, Wo, Wo, Wo, Wo, Wo, Wo, Wo, Wo, Wo, Wo, Wo, Wo, Wo, Wo, Wo, Wo, Wo, Wo, Wo, Wo, Wo, Wo, Wo, Wo, Wo, Wo, Wo, Wo, Wo, Wo, Wo, Wo, Wo, Wo, Wo, Wo, Wo, Wo, Wo, Wo, Wwr, Wwr, Wo, Wo, Wo, Wo, Wo, Wo, Ww, Ds, Ww, Ww, Wo, Wo, Wo, Wo, Wo, Wo, Wo, Wo, Wo, Wo, Wo
Wo, Wo, Wo, Wo, Wo, Wo, Wo, Wo, Wo, Wo, Wo, Wo, Wo, Wo, Wo, Wo, Wo, Wo, Wo, Wo, Wo, Wo, Wo, Wo, Wo, Wo, Wo, Wo, Wo, Wo, Wo, Wo, Wo, Wo, Wo, Wo, Wo, Wo, Wo, Wo, Wo, Wo, Ww, Wwr, Ww, Ds, Ww, Wo, Wo, Wo, Wo, Ds, Ww, Ww, Ww, Ww, Wo, Wo, Wo, Wo, Wo, Wo, Wo, Wo, Wo, Wo, Wo
Wo, Wo, Wo, Wo, Wo, Wo, Ww, Wo, Ww, Wo, Ww, Ww, Ww, Ww, Ww, Wo, Wwr, Wo, Wo, Wo, Wo, Wo, Wo, Wo, Wo, Wo, Wo, Wo, Wo, Wo, Wo, Wo, Wo, Wo, Wo, Wo, Wo, Wo, Wo, Wwr, Ww, Wo, Wo, Ww, Wo, Ww, Wo, Wo, Wwr, Wwr, Wo, Ww, Wwr, Ww, Wo, Wo, Wo, Wo, Wo, Wo, Wo, Wo, Wo, Wo, Wo, Wo, Wo
Ww, Wo, Ww, Ww, Ww, Ww, Ww, Ww, Ww, Ww, Ww, Ww, Ww, Ww, Ww, Ww, Ww, Wwr, Wo, Wo, Wo, Wo, Wo, Wo, Wo, Wo, Wo, Wo, Wo, Wo, Wo, Wo, Wo, Wo, Wo, Wo, Wo, Wo, Wwr, Wwr, Ww, Wo, Wo, Wo, Wo, Wo, Wo, Wo, Wo, Ww, Wo, Wo, Wo, Wo, Wo, Wo, Wo, Wo, Wo, Wo, Wo, Wo, Wo, Wo, Wo, Wo, Wo
Ww, Ww, Ww, Ww, Ww, Ww, Ww, Ww, Ww, Ww, Ww, Ww, Ww, Ww, Ww, Ww, Ww, Wwr, Wo, Wo, Wo, Wo, Wo, Wo, Wo, Wo, Wo, Wo, Wo, Wo, Wo, Wo, Wo, Wo, Wo, Wo, Wo, Wo, Wwr, Ww, Wo, Wo, Wo, Wo, Ww, Wwr, Ww, Wo, Wo, Wo, Wo, Wo, Wo, Wo, Wo, Wo, Wo, Wo, Wo, Wo, Wo, Wo, Wo, Wo, Wo, Wo, Wo
Ww, Ww, Ds, Ww, Ww, Ww, Ds^Ewsh, Ds^Ewsh, Ds, Ds, Ds, Ds, Ds, Ds^Ewsh, Ds^Ewsh, Ww, Ww, Ww, Ww, Wo, Wo, Wo, Wo, Wo, Wo, Wo, Wo, Wo, Wo, Wo, Wo, Wo, Wo, Wo, Wo, Wo, Wo, Wo, Wo, Wwr, Wo, Wo, Wo, Ww, Wwr, Wwr, Ww, Wo, Wo, Wo, Wo, Wo, Wo, Wo, Wo, Wo, Wo, Wo, Wo, Wo, Wo, Wo, Wo, Wo, Wo, Wo, Wo
Ds, Ds, Ds, Ds, Ds, Ds^Ewsh, Ds, Ds, Dd, Ds^Ewsh, Gs, Ds, Gd, Ds, Ds, Ds^Ewsh, Ww, Ww, Ww, Wwr, Wo, Wo, Wo, Wo, Wo, Wo, Wo, Wo, Wo, Wo, Wo, Wo, Wo, Wo, Wo, Wo, Wo, Wo, Wo, Wo, Ww, Ww, Ds, Ww, Ww, Ww, Wwr, Wo, Wo, Wo, Wo, Wo, Wo, Wo, Wo, Wo, Wo, Wo, Wo, Wo, Wo, Wo, Wo, Wo, Wo, Wo, Wo
Gs^Ft, Ds, Gs^Ft, Gs^Ft, Gs^Ft, Dd, Gs^Ft, Gs^Ft, Gs^Ft, Gs, Gs^Ft, Gs^Ft, Gs^Ft, Gd, Gd, Ds^Ewsh, Ds, Wwr, Ww, Ww, Wo, Wo, Wo, Wo, Wo, Wo, Wo, Wo, Wo, Wo, Wo, Wo, Wo, Wo, Wo, Wo, Wo, Wo, Wo, Wo, Ww, Ds, Wwr, Ww, Wo, Ww, Wo, Wo, Wo, Wo, Wo, Wo, Wo, Wo, Wo, Wo, Wo, Wo, Wo, Wo, Wo, Wo, Wo, Wo, Wo, Wo, Wo
Gs^Ft, Gs^Ft, Gs^Ft, Gs^Vht, Gs^Ft, Gs^Ft, Gs^Ft, Gs^Ft, Gs^Ft, Gs^Ft, Gs^Ft, Gs^Ft, Gs^Ft, Gd, Gd, Dd, Ds, Wwr, Ww, Wwr, Wwr, Wo, Wo, Wo, Wo, Wo, Wo, Wo, Wo, Wo, Wo, Wo, Wo, Wo, Wo, Wo, Wo, Wo, Wo, Wo, Wo, Ww, Wo, Wo, Wo, Wo, Wo, Wo, Wo, Wo, Wo, Wo, Wo, Wo, Wo, Wo, Wo, Wo, Wo, Wo, Wo, Wo, Wo, Wo, Wo, Wo, Wo
Gs^Ft, Gs^Ft, Gs^Ft, Gs^Ft, Gs^Ft, Gs^Ft, Gs^Ft, Gs^Ft, Gs^Ft, Gs^Ft, Gs^Ft, Gs^Ft, Gs^Ft, Gs^Ft, Ds, Ds^Ewsh, Ww, Ww, Wwr, Ww, Wo, Wo, Wo, Wo, Wo, Wo, Wo, Wo, Wo, Wo, Wo, Wo, Wo, Wo, Wo, Wo, Wo, Wo, Wo, Wo, Wo, Wo, Wo, Wo, Wo, Wo, Wo, Wo, Wo, Wo, Wo, Wo, Wo, Wo, Wo, Wo, Wo, Wo, Wo, Wo, Wo, Wo, Wo, Wo, Wo, Wo, Wo
Gll^Ftr, Gs^Ft, Gll^Ftr, Gll^Ftr, Gs^Ft, Gs^Ft, Gs^Ft, Gs^Ft, Gs^Ft, Gs^Ft, Gs^Ft, Gs^Ft, Gs^Ft, Gs^Ft, Ds, Ds^Ewsh, Ww, Ww, Ww, Wwr, Wo, Wo, Wo, Wo, Wo, Wo, Wo, Wo, Wo, Wo, Wo, Wo, Wo, Wo, Wo, Wo, Wo, Wo, Wo, Wo, Wo, Wo, Wo, Wo, Wo, Wo, Wo, Wo, Wo, Wo, Wo, Wo, Wo, Wo, Wo, Wo, Wo, Wo, Wo, Wo, Wo, Wo, Wo, Wo, Wo, Wo, Wo
Gs^Ft, Gll^Ftr, Gll^Ftr, Gll^Ftr, Gll^Ftr, Gs^Ft, Gs^Ft, Gs^Ft, Gs^Ft, Gs^Ft, Gs^Ft, Gs^Ft, Gs^Ft, Gd, Gd, Ds^Ewsh, Ds, Ww, Ww, Wo, Wo, Wo, Wo, Wo, Wo, Wo, Wo, Wo, Wo, Wo, Wo, Wo, Wo, Wo, Wo, Wo, Wo, Wo, Wo, Wo, Wo, Wo, Wo, Wo, Wo, Wo, Wo, Wo, Wo, Wo, Wo, Wo, Wo, Wo, Wo, Wo, Wo, Wo, Wo, Wo, Wo, Wo, Wo, Wo, Wo, Wo, Wo
